// Jest Snapshot v1, https://goo.gl/fbAQLP

exports[`Changelog writer configs All release notes features are rendered correctly 1`] = `
"## [1.3.0](https://github.com/crystal-ball/semantic-release-base/compare/v1.2.0...v1.3.0) (2019-05-26)


#### ðŸ’– New

* Added a new feature that is rad([8d14946](https://github.com/crystal-ball/semantic-release-base/commit/8d14946c50464dcf99cf5a9bd701262b2e3a2b4a)), closes [#80](https://github.com/crystal-ball/semantic-release-base/issue/80)

#### âœ¨ Update

* Added additional overrides to config generator.([8d14946](https://github.com/crystal-ball/semantic-release-base/commit/8d14946c50464dcf99cf5a9bd701262b2e3a2b4a)), closes [#99](https://github.com/crystal-ball/semantic-release-base/issue/99)

#### ðŸ›  Fix

* Fixed a lot of broken things in this release([8d14946](https://github.com/crystal-ball/semantic-release-base/commit/8d14946c50464dcf99cf5a9bd701262b2e3a2b4a)), closes [#100](https://github.com/crystal-ball/semantic-release-base/issue/100)
* Fixing broken assertion in test([8d14946](https://github.com/crystal-ball/semantic-release-base/commit/8d14946c50464dcf99cf5a9bd701262b2e3a2b4a)), closes [#75](https://github.com/crystal-ball/semantic-release-base/issue/75)
* Fixing broken assertion in test([8d14946](https://github.com/crystal-ball/semantic-release-base/commit/8d14946c50464dcf99cf5a9bd701262b2e3a2b4a)), closes [cool-org/cool-package#75](https://github.com/cool-org/cool-package/issue/75)

#### Docs, Upgrade, Build

* Add Roadmap tasks for release notes([8d14946](https://github.com/crystal-ball/semantic-release-base/commit/8d14946c50464dcf99cf5a9bd701262b2e3a2b4a))
* Added docs on config overrides([8d14946](https://github.com/crystal-ball/semantic-release-base/commit/8d14946c50464dcf99cf5a9bd701262b2e3a2b4a))
* ESLint to latest([8d14946](https://github.com/crystal-ball/semantic-release-base/commit/8d14946c50464dcf99cf5a9bd701262b2e3a2b4a))
* Update Github Actions config([8d14946](https://github.com/crystal-ball/semantic-release-base/commit/8d14946c50464dcf99cf5a9bd701262b2e3a2b4a))
"
`;
